
> cresol-portal-acesso@0.1.0 build
> next build

  ▲ Next.js 14.2.31
  - Environments: .env.local, .env
  - Experiments (use with caution):
    · scrollRestoration

   Creating an optimized production build ...
 ✓ Compiled successfully
   Linting and checking validity of types ...
Failed to compile.

./app/api/videos/generate-thumbnail/route.ts:125:42
Type error: Cannot find name 'supabase'.

[0m [90m 123 |[39m[0m
[0m [90m 124 |[39m   [36mtry[39m {[0m
[0m[31m[1m>[22m[39m[90m 125 |[39m     [36mconst[39m { data[33m:[39m video[33m,[39m error } [33m=[39m [36mawait[39m supabase[0m
[0m [90m     |[39m                                          [31m[1m^[22m[39m[0m
[0m [90m 126 |[39m       [33m.[39m[36mfrom[39m([32m'dashboard_videos'[39m)[0m
[0m [90m 127 |[39m       [33m.[39mselect([32m'thumbnail_url, thumbnail_timestamp, upload_type'[39m)[0m
[0m [90m 128 |[39m       [33m.[39meq([32m'id'[39m[33m,[39m videoId)[0m
Next.js build worker exited with code: 1 and signal: null
